2026-05-02 15:08:49,944 - INFO - Copied: C:\Users\CHANDANA\OneDrive\Desktop\TestData\backup.py -> C:\Backup\backup_2026-05-02_15-08-49\.\backup.py
2026-05-02 15:08:49,945 - INFO - Backup completed successfully
2026-05-02 15:15:41,849 - INFO - Copied: C:\Users\CHANDANA\OneDrive\Desktop\TestData\backup.py -> C:\Backup\backup_2026-05-02_15-15-41\.\backup.py
2026-05-02 15:15:41,874 - INFO - Copied: C:\Users\CHANDANA\OneDrive\Desktop\TestData\README.md -> C:\Backup\backup_2026-05-02_15-15-41\.\README.md
2026-05-02 15:15:41,877 - INFO - Copied: C:\Users\CHANDANA\OneDrive\Desktop\TestData\.git\.MERGE_MSG.swp -> C:\Backup\backup_2026-05-02_15-15-41\.git\.MERGE_MSG.swp
2026-05-02 15:15:41,879 - INFO - Copied: C:\Users\CHANDANA\OneDrive\Desktop\TestData\.git\AUTO_MERGE -> C:\Backup\backup_2026-05-02_15-15-41\.git\AUTO_MERGE
2026-05-02 15:15:41,886 - INFO - Copied: C:\Users\CHANDANA\OneDrive\Desktop\TestData\.git\COMMIT_EDITMSG -> C:\Backup\backup_2026-05-02_15-15-41\.git\COMMIT_EDITMSG
2026-05-02 15:15:41,888 - INFO - Copied: C:\Users\CHANDANA\OneDrive\Desktop\TestData\.git\config -> C:\Backup\backup_2026-05-02_15-15-41\.git\config
2026-05-02 15:15:41,891 - INFO - Copied: C:\Users\CHANDANA\OneDrive\Desktop\TestData\.git\description -> C:\Backup\backup_2026-05-02_15-15-41\.git\description
2026-05-02 15:15:41,893 - INFO - Copied: C:\Users\CHANDANA\OneDrive\Desktop\TestData\.git\FETCH_HEAD -> C:\Backup\backup_2026-05-02_15-15-41\.git\FETCH_HEAD
2026-05-02 15:15:41,895 - INFO - Copied: C:\Users\CHANDANA\OneDrive\Desktop\TestData\.git\HEAD -> C:\Backup\backup_2026-05-02_15-15-41\.git\HEAD
2026-05-02 15:15:41,897 - INFO - Copied: C:\Users\CHANDANA\OneDrive\Desktop\TestData\.git\index -> C:\Backup\backup_2026-05-02_15-15-41\.git\index
2026-05-02 15:15:41,899 - INFO - Copied: C:\Users\CHANDANA\OneDrive\Desktop\TestData\.git\MERGE_HEAD -> C:\Backup\backup_2026-05-02_15-15-41\.git\MERGE_HEAD
2026-05-02 15:15:41,900 - INFO - Copied: C:\Users\CHANDANA\OneDrive\Desktop\TestData\.git\MERGE_MODE -> C:\Backup\backup_2026-05-02_15-15-41\.git\MERGE_MODE
2026-05-02 15:15:41,902 - INFO - Copied: C:\Users\CHANDANA\OneDrive\Desktop\TestData\.git\MERGE_MSG -> C:\Backup\backup_2026-05-02_15-15-41\.git\MERGE_MSG
2026-05-02 15:15:41,903 - INFO - Copied: C:\Users\CHANDANA\OneDrive\Desktop\TestData\.git\ORIG_HEAD -> C:\Backup\backup_2026-05-02_15-15-41\.git\ORIG_HEAD
2026-05-02 15:15:41,908 - INFO - Copied: C:\Users\CHANDANA\OneDrive\Desktop\TestData\.git\hooks\applypatch-msg.sample -> C:\Backup\backup_2026-05-02_15-15-41\.git\hooks\applypatch-msg.sample
2026-05-02 15:15:41,910 - INFO - Copied: C:\Users\CHANDANA\OneDrive\Desktop\TestData\.git\hooks\commit-msg.sample -> C:\Backup\backup_2026-05-02_15-15-41\.git\hooks\commit-msg.sample
2026-05-02 15:15:41,913 - INFO - Copied: C:\Users\CHANDANA\OneDrive\Desktop\TestData\.git\hooks\fsmonitor-watchman.sample -> C:\Backup\backup_2026-05-02_15-15-41\.git\hooks\fsmonitor-watchman.sample
2026-05-02 15:15:41,915 - INFO - Copied: C:\Users\CHANDANA\OneDrive\Desktop\TestData\.git\hooks\post-update.sample -> C:\Backup\backup_2026-05-02_15-15-41\.git\hooks\post-update.sample
2026-05-02 15:15:41,917 - INFO - Copied: C:\Users\CHANDANA\OneDrive\Desktop\TestData\.git\hooks\pre-applypatch.sample -> C:\Backup\backup_2026-05-02_15-15-41\.git\hooks\pre-applypatch.sample
2026-05-02 15:15:41,919 - INFO - Copied: C:\Users\CHANDANA\OneDrive\Desktop\TestData\.git\hooks\pre-commit.sample -> C:\Backup\backup_2026-05-02_15-15-41\.git\hooks\pre-commit.sample
2026-05-02 15:15:41,920 - INFO - Copied: C:\Users\CHANDANA\OneDrive\Desktop\TestData\.git\hooks\pre-merge-commit.sample -> C:\Backup\backup_2026-05-02_15-15-41\.git\hooks\pre-merge-commit.sample
2026-05-02 15:15:41,922 - INFO - Copied: C:\Users\CHANDANA\OneDrive\Desktop\TestData\.git\hooks\pre-push.sample -> C:\Backup\backup_2026-05-02_15-15-41\.git\hooks\pre-push.sample
2026-05-02 15:15:41,925 - INFO - Copied: C:\Users\CHANDANA\OneDrive\Desktop\TestData\.git\hooks\pre-rebase.sample -> C:\Backup\backup_2026-05-02_15-15-41\.git\hooks\pre-rebase.sample
2026-05-02 15:15:41,927 - INFO - Copied: C:\Users\CHANDANA\OneDrive\Desktop\TestData\.git\hooks\pre-receive.sample -> C:\Backup\backup_2026-05-02_15-15-41\.git\hooks\pre-receive.sample
2026-05-02 15:15:41,928 - INFO - Copied: C:\Users\CHANDANA\OneDrive\Desktop\TestData\.git\hooks\prepare-commit-msg.sample -> C:\Backup\backup_2026-05-02_15-15-41\.git\hooks\prepare-commit-msg.sample
2026-05-02 15:15:41,930 - INFO - Copied: C:\Users\CHANDANA\OneDrive\Desktop\TestData\.git\hooks\push-to-checkout.sample -> C:\Backup\backup_2026-05-02_15-15-41\.git\hooks\push-to-checkout.sample
2026-05-02 15:15:41,931 - INFO - Copied: C:\Users\CHANDANA\OneDrive\Desktop\TestData\.git\hooks\sendemail-validate.sample -> C:\Backup\backup_2026-05-02_15-15-41\.git\hooks\sendemail-validate.sample
2026-05-02 15:15:41,933 - INFO - Copied: C:\Users\CHANDANA\OneDrive\Desktop\TestData\.git\hooks\update.sample -> C:\Backup\backup_2026-05-02_15-15-41\.git\hooks\update.sample
2026-05-02 15:15:41,934 - INFO - Copied: C:\Users\CHANDANA\OneDrive\Desktop\TestData\.git\info\exclude -> C:\Backup\backup_2026-05-02_15-15-41\.git\info\exclude
2026-05-02 15:15:41,936 - INFO - Copied: C:\Users\CHANDANA\OneDrive\Desktop\TestData\.git\logs\HEAD -> C:\Backup\backup_2026-05-02_15-15-41\.git\logs\HEAD
2026-05-02 15:15:41,939 - INFO - Copied: C:\Users\CHANDANA\OneDrive\Desktop\TestData\.git\logs\refs\heads\main -> C:\Backup\backup_2026-05-02_15-15-41\.git\logs\refs\heads\main
2026-05-02 15:15:41,942 - INFO - Copied: C:\Users\CHANDANA\OneDrive\Desktop\TestData\.git\logs\refs\remotes\origin\main -> C:\Backup\backup_2026-05-02_15-15-41\.git\logs\refs\remotes\origin\main
2026-05-02 15:15:41,945 - INFO - Copied: C:\Users\CHANDANA\OneDrive\Desktop\TestData\.git\objects\39\93da432959d53982355f32f07fcbf16d74a25a -> C:\Backup\backup_2026-05-02_15-15-41\.git\objects\39\93da432959d53982355f32f07fcbf16d74a25a
2026-05-02 15:15:41,947 - INFO - Copied: C:\Users\CHANDANA\OneDrive\Desktop\TestData\.git\objects\49\dd85258e9a8267099945916c7aa098d2457aa8 -> C:\Backup\backup_2026-05-02_15-15-41\.git\objects\49\dd85258e9a8267099945916c7aa098d2457aa8
2026-05-02 15:15:41,949 - INFO - Copied: C:\Users\CHANDANA\OneDrive\Desktop\TestData\.git\objects\70\6ed3e2697f26da2f61832eb043402470cdcc19 -> C:\Backup\backup_2026-05-02_15-15-41\.git\objects\70\6ed3e2697f26da2f61832eb043402470cdcc19
2026-05-02 15:15:41,951 - INFO - Copied: C:\Users\CHANDANA\OneDrive\Desktop\TestData\.git\objects\7d\bd72160924a0f25532c5c97e705554c0a63934 -> C:\Backup\backup_2026-05-02_15-15-41\.git\objects\7d\bd72160924a0f25532c5c97e705554c0a63934
2026-05-02 15:15:41,953 - INFO - Copied: C:\Users\CHANDANA\OneDrive\Desktop\TestData\.git\objects\a7\c14a376fd4692af3d1b1020de9f902f42c9b90 -> C:\Backup\backup_2026-05-02_15-15-41\.git\objects\a7\c14a376fd4692af3d1b1020de9f902f42c9b90
2026-05-02 15:15:41,955 - INFO - Copied: C:\Users\CHANDANA\OneDrive\Desktop\TestData\.git\objects\a8\a2f8302d4ba192cb67ebd784826559d40c3384 -> C:\Backup\backup_2026-05-02_15-15-41\.git\objects\a8\a2f8302d4ba192cb67ebd784826559d40c3384
2026-05-02 15:15:41,956 - INFO - Copied: C:\Users\CHANDANA\OneDrive\Desktop\TestData\.git\objects\cd\9a03d843d3fea48c081087bbc8c745ec05b35e -> C:\Backup\backup_2026-05-02_15-15-41\.git\objects\cd\9a03d843d3fea48c081087bbc8c745ec05b35e
2026-05-02 15:15:41,961 - INFO - Copied: C:\Users\CHANDANA\OneDrive\Desktop\TestData\.git\objects\d6\578bbe34f83a9cab64939169f0ba8a0a7cb364 -> C:\Backup\backup_2026-05-02_15-15-41\.git\objects\d6\578bbe34f83a9cab64939169f0ba8a0a7cb364
2026-05-02 15:15:41,964 - INFO - Copied: C:\Users\CHANDANA\OneDrive\Desktop\TestData\.git\refs\heads\main -> C:\Backup\backup_2026-05-02_15-15-41\.git\refs\heads\main
2026-05-02 15:15:41,967 - INFO - Copied: C:\Users\CHANDANA\OneDrive\Desktop\TestData\.git\refs\remotes\origin\main -> C:\Backup\backup_2026-05-02_15-15-41\.git\refs\remotes\origin\main
2026-05-02 15:15:41,969 - INFO - Backup completed successfully
